pi_version=0.85.1
driven_status_appends=3
postbaseline_dispatch_offers=3
driven_cycles_with_immediate_successor=3
ended_predecessor_processes_still_alive=0
current_arm_pid=86495
current_arm_alive=yes
current_watcher_pid=86546
current_watcher_alive=yes
current_beacon_age_seconds=1
durable_queue_lines_after_handling=0
recovery_marker=acked:handling:82767.1789179923.YUkpLH
durable_branch_outcomes=3
visible_handling_confirmation_failures=0
visible_main_delivery_after_branch_decline=1

Driven cycle rows:
arm_pid=65490	watcher_pid=65511	origin=started	started_at=1789179865	ended_at=1789179923	exit_code=0	signal=none	reason=actionable-signal	beacon_age=1	lock_before=pid:65511|identity:Fri Sep 11 20:24:25 2026     bash /Users/josh/.no-mistakes/worktrees/4ecf35ccebba/01M29HMG2WSRMAEHFTN9E9ZWPB/bin/fm-watch.sh	lock_after=pid:none|identity:none	successor=started:83258
arm_pid=83239	watcher_pid=83258	origin=started	started_at=1789179923	ended_at=1789179925	exit_code=0	signal=none	reason=actionable-signal	beacon_age=1	lock_before=pid:83258|identity:Fri Sep 11 20:25:23 2026     bash /Users/josh/.no-mistakes/worktrees/4ecf35ccebba/01M29HMG2WSRMAEHFTN9E9ZWPB/bin/fm-watch.sh	lock_after=pid:none|identity:none	successor=started:84931
arm_pid=84912	watcher_pid=84931	origin=started	started_at=1789179925	ended_at=1789179927	exit_code=0	signal=none	reason=actionable-signal	beacon_age=2	lock_before=pid:84931|identity:Fri Sep 11 20:25:25 2026     bash /Users/josh/.no-mistakes/worktrees/4ecf35ccebba/01M29HMG2WSRMAEHFTN9E9ZWPB/bin/fm-watch.sh	lock_after=pid:none|identity:none	successor=started:86546
after_pi_quit watcher_pid= alive=no arm_pid=86495 alive=no
